  CHK     include/config/uboot.release
  CHK     include/generated/timestamp_autogenerated.h
  UPD     include/generated/timestamp_autogenerated.h
./"arch/arm/mach-rockchip/make_fit_atf.sh" \
arch/arm/dts/rk3588-rock-5b.dtb > u-boot.its
env: 'python2': No such file or directory
env: use -[v]S to pass options in shebang lines
ls: cannot access 'bl31_0x*.bin': No such file or directory
  CHK     include/generated/version_autogenerated.h
  CHK     include/generated/asm-offsets.h
  CHK     include/generated/generic-asm-offsets.h
  HOSTCC  tools/mkenvimage.o
  HOSTCC  tools/fit_image.o
  HOSTCC  tools/image-host.o
  HOSTCC  tools/dumpimage.o
  HOSTCC  tools/mkimage.o
  HOSTLD  tools/mkenvimage
  HOSTLD  tools/dumpimage
  HOSTLD  tools/mkimage
  CC      arch/arm/cpu/armv8/fwcall.o
  LD      arch/arm/cpu/armv8/built-in.o
  CC      arch/arm/mach-rockchip/board.o
  CC      cmd/version.o
  LD      cmd/built-in.o
  LD      arch/arm/mach-rockchip/built-in.o
  CC      common/main.o
  LD      common/built-in.o
  CC      drivers/usb/gadget/f_fastboot.o
  LD      drivers/usb/gadget/built-in.o
  CC      lib/display_options.o
  LD      lib/built-in.o
  LD      u-boot
/usr/bin/aarch64-linux-gnu-ld.bfd: warning: u-boot has a LOAD segment with RWX permissions
  OBJCOPY u-boot-nodtb.bin
start=$(nm u-boot | grep __rel_dyn_start | cut -f 1 -d ' '); end=$(nm u-boot | grep __rel_dyn_end | cut -f 1 -d ' '); tools/relocate-rela u-boot-nodtb.bin 0x00200000 $start $end
make[2]: 'arch/arm/dts/rk3588-rock-5b.dtb' is up to date.
  MKIMAGE u-boot.itb
  COPY    u-boot.dtb
